// Jest Snapshot v1, https://goo.gl/fbAQLP

exports[`renders correctly 1`] = `
<div
  aria-busy={undefined}
  aria-disabled={undefined}
  aria-expanded={false}
  aria-multiselectable={undefined}
  className="ui dropdown"
  onBlur={[Function]}
  onChange={[Function]}
  onClick={[Function]}
  onFocus={[Function]}
  onMouseDown={[Function]}
  role="listbox"
  tabIndex={0}
>
  <div
    aria-live="polite"
    className="text"
    role="alert"
  >
    Select Colour
  </div>
  <i
    aria-hidden="true"
    className="dropdown icon"
    onClick={[Function]}
  />
  <div
    className="menu transition"
  >
    <div
      aria-checked={false}
      aria-disabled={undefined}
      aria-selected={true}
      className="selected item"
      onClick={[Function]}
      role="option"
      style={
        Object {
          "pointerEvents": "all",
        }
      }
    >
      <span
        className="text"
      >
        Red
      </span>
    </div>
    <div
      aria-checked={false}
      aria-disabled={undefined}
      aria-selected={false}
      className="item"
      onClick={[Function]}
      role="option"
      style={
        Object {
          "pointerEvents": "all",
        }
      }
    >
      <span
        className="text"
      >
        Blue
      </span>
    </div>
  </div>
</div>
`;
