// Jest Snapshot v1, https://goo.gl/fbAQLP

exports[`renders correctly 1`] = `
<div
  className="ui huge header"
>
  Welcome to React components
</div>
`;
